Controller_E.cpp:38:6:void Controller::NOP()	24	static
Controller_E.cpp:47:6:void Controller::X()	16	static
Controller_E.cpp:48:6:void Controller::Y()	16	static
Controller_E.cpp:52:6:void Controller::A()	16	static
Controller_E.cpp:53:6:void Controller::B()	24	static
Controller_E.cpp:60:6:void Controller::LB()	16	static
Controller_E.cpp:61:6:void Controller::RB()	16	static
Controller_E.cpp:65:6:void Controller::LT()	16	static
Controller_E.cpp:69:6:void Controller::RT()	16	static
Controller_E.cpp:73:6:void Controller::START()	32	static
Controller_E.cpp:81:6:void Controller::BACK()	32	static
Controller_E.cpp:89:6:void Controller::LSU()	24	static
Controller_E.cpp:94:6:void Controller::LSL()	24	static
Controller_E.cpp:98:6:void Controller::LSR()	24	static
Controller_E.cpp:103:6:void Controller::LSD()	24	static
Controller_E.cpp:108:6:void Controller::LSUL()	24	static
Controller_E.cpp:113:6:void Controller::LSUR()	24	static
Controller_E.cpp:118:6:void Controller::LSDR()	24	static
Controller_E.cpp:123:6:void Controller::LSDL()	24	static
Controller_E.cpp:129:6:void Controller::CSU()	16	static
Controller_E.cpp:130:6:void Controller::CSR()	16	static
Controller_E.cpp:131:6:void Controller::CSL()	16	static
Controller_E.cpp:132:6:void Controller::CSD()	16	static
Controller_E.cpp:133:6:void Controller::CSUL()	16	static
Controller_E.cpp:134:6:void Controller::CSUR()	16	static
Controller_E.cpp:135:6:void Controller::CSDL()	16	static
Controller_E.cpp:136:6:void Controller::CSDR()	16	static
Controller_E.cpp:139:6:void Controller::RSU()	16	static
Controller_E.cpp:143:6:void Controller::RSR()	24	static
Controller_E.cpp:148:6:void Controller::RSL()	24	static
Controller_E.cpp:153:6:void Controller::RSD()	16	static
Controller_E.cpp:157:6:void Controller::RSUL()	16	static
Controller_E.cpp:158:6:void Controller::RSUR()	16	static
Controller_E.cpp:159:6:void Controller::RSDR()	16	static
Controller_E.cpp:160:6:void Controller::RSDL()	16	static
Controller_E.cpp:160:29:void __static_initialization_and_destruction_0(int, int)	16	static
Controller_E.cpp:160:29:cpp)	8	static
