gthr-default.h:229:1:int __gthread_key_delete(__gthread_key_t)	16	static
hGPIO.cpp:34:6:void HGPIO::identify(uint16_t)	464	static
hGPIO.cpp:107:6:void HGPIO::GPIO_PIN_0_func()	24	static
hGPIO.cpp:117:6:void HGPIO::GPIO_PIN_1_func()	24	static
hGPIO.cpp:122:6:void HGPIO::GPIO_PIN_2_func()	16	static
hGPIO.cpp:123:6:void HGPIO::GPIO_PIN_3_func()	16	static
hGPIO.cpp:125:6:void HGPIO::GPIO_PIN_4_func()	24	static
hGPIO.cpp:134:6:void HGPIO::GPIO_PIN_5_func()	16	static
hGPIO.cpp:135:6:void HGPIO::GPIO_PIN_6_func()	16	static
hGPIO.cpp:136:6:void HGPIO::GPIO_PIN_7_func()	16	static
hGPIO.cpp:137:6:void HGPIO::GPIO_PIN_8_func()	16	static
hGPIO.cpp:138:6:void HGPIO::GPIO_PIN_9_func()	16	static
hGPIO.cpp:139:6:void HGPIO::GPIO_PIN_10_func()	16	static
hGPIO.cpp:140:6:void HGPIO::GPIO_PIN_11_func()	16	static
hGPIO.cpp:141:6:void HGPIO::GPIO_PIN_12_func()	24	static
hGPIO.cpp:149:6:void HGPIO::GPIO_PIN_13_func()	24	static
hGPIO.cpp:158:6:void HGPIO::GPIO_PIN_14_func()	24	static
hGPIO.cpp:166:6:void HGPIO::GPIO_PIN_15_func()	16	static
