gthr-default.h:229:1:int __gthread_key_delete(__gthread_key_t)	16	static
SparkFun_BNO080_Arduino_Library.cpp:35:6:bool BNO080::begin()	16	static
SparkFun_BNO080_Arduino_Library.cpp:57:6:void BNO080::modeon()	16	static
SparkFun_BNO080_Arduino_Library.cpp:65:6:void BNO080::modesleep()	16	static
SparkFun_BNO080_Arduino_Library.cpp:218:6:void BNO080::getGyro(float&, float&, float&, uint8_t&)	24	static
SparkFun_BNO080_Arduino_Library.cpp:235:6:void BNO080::softReset()	16	static
SparkFun_BNO080_Arduino_Library.cpp:247:6:void BNO080::enableRotationVector(uint16_t)	16	static
SparkFun_BNO080_Arduino_Library.cpp:254:6:void BNO080::enableGyro(uint16_t)	16	static
SparkFun_BNO080_Arduino_Library.cpp:261:6:void BNO080::enableGyroIntegratedRotationVector(uint16_t)	16	static
SparkFun_BNO080_Arduino_Library.cpp:268:6:void BNO080::enableRawGyro(uint16_t)	16	static
SparkFun_BNO080_Arduino_Library.cpp:276:6:void BNO080::calibrateGyro()	16	static
SparkFun_BNO080_Arduino_Library.cpp:281:6:void BNO080::setFeatureCommand(uint8_t, uint16_t)	24	static
SparkFun_BNO080_Arduino_Library.cpp:310:6:void BNO080::sendCommand(uint8_t)	16	static
SparkFun_BNO080_Arduino_Library.cpp:382:6:bool BNO080::receivePacket()	112	static
SparkFun_BNO080_Arduino_Library.cpp:418:6:void BNO080::sendPacket(uint8_t, uint8_t)	32	static
SparkFun_BNO080_Arduino_Library.cpp:436:10:uint16_t BNO080::parseInputReport()	32	static
