gthr-default.h:229:1:int __gthread_key_delete(__gthread_key_t)	16	static
stm32f4xx_it.cpp:79:6:void NMI_Handler()	4	static
stm32f4xx_it.cpp:94:6:void HardFault_Handler()	4	static
stm32f4xx_it.cpp:109:6:void MemManage_Handler()	4	static
stm32f4xx_it.cpp:124:6:void BusFault_Handler()	4	static
stm32f4xx_it.cpp:139:6:void UsageFault_Handler()	4	static
stm32f4xx_it.cpp:154:6:void SVC_Handler()	4	static
stm32f4xx_it.cpp:167:6:void DebugMon_Handler()	4	static
stm32f4xx_it.cpp:180:6:void PendSV_Handler()	4	static
stm32f4xx_it.cpp:193:6:void SysTick_Handler()	8	static
stm32f4xx_it.cpp:214:6:void EXTI0_IRQHandler()	8	static
stm32f4xx_it.cpp:228:6:void EXTI4_IRQHandler()	8	static
stm32f4xx_it.cpp:242:6:void TIM3_IRQHandler()	8	static
stm32f4xx_it.cpp:256:6:void EXTI15_10_IRQHandler()	8	static
stm32f4xx_it.cpp:270:6:void UART4_IRQHandler()	8	static
stm32f4xx_it.cpp:284:6:void UART5_IRQHandler()	8	static
