Controller_E.cpp:28:6:void Controller::NOP()	32	static
Controller_E.cpp:42:6:void Controller::X()	32	static
Controller_E.cpp:54:6:void Controller::Y()	32	static
Controller_E.cpp:71:6:void Controller::A()	32	static
Controller_E.cpp:88:6:void Controller::B()	32	static
Controller_E.cpp:101:6:void Controller::LB()	32	static
Controller_E.cpp:113:6:void Controller::RB()	32	static
Controller_E.cpp:125:6:void Controller::LT()	32	static
Controller_E.cpp:137:6:void Controller::RT()	32	static
Controller_E.cpp:149:6:void Controller::START()	16	static
Controller_E.cpp:150:6:void Controller::BACK()	24	static
Controller_E.cpp:158:6:void Controller::LSU()	16	static
Controller_E.cpp:159:6:void Controller::LSL()	16	static
Controller_E.cpp:160:6:void Controller::LSR()	16	static
Controller_E.cpp:161:6:void Controller::LSD()	16	static
Controller_E.cpp:162:6:void Controller::LSUL()	16	static
Controller_E.cpp:163:6:void Controller::LSUR()	16	static
Controller_E.cpp:164:6:void Controller::LSDR()	16	static
Controller_E.cpp:165:6:void Controller::LSDL()	16	static
Controller_E.cpp:168:6:void Controller::CSU()	24	static
Controller_E.cpp:175:6:void Controller::CSR()	24	static
Controller_E.cpp:183:6:void Controller::CSL()	24	static
Controller_E.cpp:191:6:void Controller::CSD()	24	static
Controller_E.cpp:198:6:void Controller::CSUL()	24	static
Controller_E.cpp:205:6:void Controller::CSUR()	24	static
Controller_E.cpp:212:6:void Controller::CSDL()	24	static
Controller_E.cpp:218:6:void Controller::CSDR()	24	static
Controller_E.cpp:227:6:void Controller::RSU()	16	static
Controller_E.cpp:228:6:void Controller::RSR()	16	static
Controller_E.cpp:229:6:void Controller::RSL()	16	static
Controller_E.cpp:230:6:void Controller::RSD()	16	static
Controller_E.cpp:231:6:void Controller::RSUL()	16	static
Controller_E.cpp:232:6:void Controller::RSUR()	16	static
Controller_E.cpp:233:6:void Controller::RSDR()	16	static
Controller_E.cpp:234:6:void Controller::RSDL()	16	static
