Controller.cpp:28:6:void Controller::check_array()	32	static
Controller.cpp:38:6:void Controller::identify()	16	static
Controller.cpp:53:6:bool Controller::identify_NOP()	40	static
Controller.cpp:78:6:void Controller::identify_ABXY_button()	48	static
Controller.cpp:116:6:void Controller::identify_SUB_button()	64	static
Controller.cpp:171:6:void Controller::identify_LS_SB()	64	static
Controller.cpp:226:6:void Controller::identify_CS()	48	static
Controller.cpp:271:6:void Controller::identify_RS()	48	static
Controller.cpp:319:6:void Controller::NOP()	16	static
Controller.cpp:321:6:void Controller::X()	16	static
Controller.cpp:322:6:void Controller::Y()	16	static
Controller.cpp:323:6:void Controller::A()	16	static
Controller.cpp:324:6:void Controller::B()	16	static
Controller.cpp:326:6:void Controller::LB()	16	static
Controller.cpp:327:6:void Controller::RB()	16	static
Controller.cpp:328:6:void Controller::LT()	16	static
Controller.cpp:329:6:void Controller::RT()	16	static
Controller.cpp:330:6:void Controller::START()	16	static
Controller.cpp:331:6:void Controller::BACK()	16	static
Controller.cpp:333:6:void Controller::LSU()	16	static
Controller.cpp:334:6:void Controller::LSL()	16	static
Controller.cpp:335:6:void Controller::LSR()	16	static
Controller.cpp:336:6:void Controller::LSD()	16	static
Controller.cpp:338:6:void Controller::CSU()	16	static
Controller.cpp:339:6:void Controller::CSR()	16	static
Controller.cpp:340:6:void Controller::CSL()	16	static
Controller.cpp:341:6:void Controller::CSD()	16	static
Controller.cpp:343:6:void Controller::RSU()	16	static
Controller.cpp:344:6:void Controller::RSR()	16	static
Controller.cpp:345:6:void Controller::RSL()	16	static
Controller.cpp:346:6:void Controller::RSD()	16	static
