Controller_E.cpp:38:6:void Controller::NOP()	24	static
Controller_E.cpp:43:6:void Controller::X()	16	static
Controller_E.cpp:44:6:void Controller::Y()	16	static
Controller_E.cpp:48:6:void Controller::A()	16	static
Controller_E.cpp:49:6:void Controller::B()	24	static
Controller_E.cpp:56:6:void Controller::LB()	16	static
Controller_E.cpp:60:6:void Controller::RB()	16	static
Controller_E.cpp:64:6:void Controller::LT()	16	static
Controller_E.cpp:68:6:void Controller::RT()	16	static
Controller_E.cpp:72:6:void Controller::START()	16	static
Controller_E.cpp:73:6:void Controller::BACK()	16	static
Controller_E.cpp:75:6:void Controller::LSU()	24	static
Controller_E.cpp:80:6:void Controller::LSL()	24	static
Controller_E.cpp:84:6:void Controller::LSR()	24	static
Controller_E.cpp:89:6:void Controller::LSD()	24	static
Controller_E.cpp:94:6:void Controller::LSUL()	24	static
Controller_E.cpp:99:6:void Controller::LSUR()	24	static
Controller_E.cpp:104:6:void Controller::LSDR()	24	static
Controller_E.cpp:109:6:void Controller::LSDL()	24	static
Controller_E.cpp:115:6:void Controller::CSU()	16	static
Controller_E.cpp:116:6:void Controller::CSR()	16	static
Controller_E.cpp:117:6:void Controller::CSL()	16	static
Controller_E.cpp:118:6:void Controller::CSD()	16	static
Controller_E.cpp:119:6:void Controller::CSUL()	16	static
Controller_E.cpp:120:6:void Controller::CSUR()	16	static
Controller_E.cpp:121:6:void Controller::CSDL()	16	static
Controller_E.cpp:122:6:void Controller::CSDR()	16	static
Controller_E.cpp:125:6:void Controller::RSU()	16	static
Controller_E.cpp:129:6:void Controller::RSR()	24	static
Controller_E.cpp:133:6:void Controller::RSL()	24	static
Controller_E.cpp:137:6:void Controller::RSD()	16	static
Controller_E.cpp:141:6:void Controller::RSUL()	16	static
Controller_E.cpp:142:6:void Controller::RSUR()	16	static
Controller_E.cpp:143:6:void Controller::RSDR()	16	static
Controller_E.cpp:144:6:void Controller::RSDL()	16	static
Controller_E.cpp:144:29:void __static_initialization_and_destruction_0(int, int)	16	static
Controller_E.cpp:144:29:cpp)	8	static
