Controller.cpp:28:6:void Controller::check_array()	32	static
Controller.cpp:38:6:void Controller::identify()	16	static
Controller.cpp:54:6:bool Controller::identify_NOP()	40	static
Controller.cpp:72:6:void Controller::identify_ABXY_button()	48	static
Controller.cpp:110:6:void Controller::identify_SUB_button()	64	static
Controller.cpp:165:6:void Controller::identify_LS_SB()	104	static
Controller.cpp:268:6:void Controller::identify_RS()	88	static
Controller.cpp:357:6:void Controller::identify_CS()	88	static
Controller.cpp:450:6:void Controller::NOP()	16	static
Controller.cpp:452:6:void Controller::X()	16	static
Controller.cpp:453:6:void Controller::Y()	16	static
Controller.cpp:454:6:void Controller::A()	16	static
Controller.cpp:455:6:void Controller::B()	16	static
Controller.cpp:457:6:void Controller::LB()	16	static
Controller.cpp:458:6:void Controller::RB()	16	static
Controller.cpp:459:6:void Controller::LT()	16	static
Controller.cpp:460:6:void Controller::RT()	16	static
Controller.cpp:461:6:void Controller::START()	16	static
Controller.cpp:462:6:void Controller::BACK()	16	static
Controller.cpp:464:6:void Controller::LSU()	16	static
Controller.cpp:465:6:void Controller::LSL()	16	static
Controller.cpp:466:6:void Controller::LSR()	16	static
Controller.cpp:467:6:void Controller::LSD()	16	static
Controller.cpp:468:6:void Controller::LSUL()	16	static
Controller.cpp:469:6:void Controller::LSUR()	16	static
Controller.cpp:470:6:void Controller::LSDR()	16	static
Controller.cpp:471:6:void Controller::LSDL()	16	static
Controller.cpp:474:6:void Controller::CSU()	16	static
Controller.cpp:475:6:void Controller::CSR()	16	static
Controller.cpp:476:6:void Controller::CSL()	16	static
Controller.cpp:477:6:void Controller::CSD()	16	static
Controller.cpp:478:6:void Controller::CSUL()	16	static
Controller.cpp:479:6:void Controller::CSUR()	16	static
Controller.cpp:480:6:void Controller::CSDL()	16	static
Controller.cpp:481:6:void Controller::CSDR()	16	static
Controller.cpp:483:6:void Controller::RSUL()	16	static
Controller.cpp:484:6:void Controller::RSU()	16	static
Controller.cpp:485:6:void Controller::RSUR()	16	static
Controller.cpp:486:6:void Controller::RSR()	16	static
Controller.cpp:487:6:void Controller::RSDR()	16	static
Controller.cpp:488:6:void Controller::RSD()	16	static
Controller.cpp:489:6:void Controller::RSDL()	16	static
Controller.cpp:490:6:void Controller::RSL()	16	static
