Controller.cpp:28:6:void Controller::check_array()	32	static
Controller.cpp:38:6:void Controller::identify()	16	static
Controller.cpp:53:6:bool Controller::identify_NOP()	40	static
Controller.cpp:78:6:void Controller::identify_ABXY_button()	48	static
Controller.cpp:116:6:void Controller::identify_SUB_button()	64	static
Controller.cpp:171:6:void Controller::identify_LS_SB()	104	static
Controller.cpp:286:6:void Controller::identify_RS()	88	static
Controller.cpp:387:6:void Controller::identify_CS()	88	static
Controller.cpp:491:6:void Controller::NOP()	16	static
Controller.cpp:493:6:void Controller::X()	16	static
Controller.cpp:494:6:void Controller::Y()	16	static
Controller.cpp:495:6:void Controller::A()	16	static
Controller.cpp:496:6:void Controller::B()	16	static
Controller.cpp:498:6:void Controller::LB()	16	static
Controller.cpp:499:6:void Controller::RB()	16	static
Controller.cpp:500:6:void Controller::LT()	16	static
Controller.cpp:501:6:void Controller::RT()	16	static
Controller.cpp:502:6:void Controller::START()	16	static
Controller.cpp:503:6:void Controller::BACK()	16	static
Controller.cpp:505:6:void Controller::LSU()	16	static
Controller.cpp:506:6:void Controller::LSL()	16	static
Controller.cpp:507:6:void Controller::LSR()	16	static
Controller.cpp:508:6:void Controller::LSD()	16	static
Controller.cpp:509:6:void Controller::LSUL()	16	static
Controller.cpp:510:6:void Controller::LSUR()	16	static
Controller.cpp:511:6:void Controller::LSDR()	16	static
Controller.cpp:512:6:void Controller::LSDL()	16	static
Controller.cpp:515:6:void Controller::CSU()	16	static
Controller.cpp:516:6:void Controller::CSR()	16	static
Controller.cpp:517:6:void Controller::CSL()	16	static
Controller.cpp:518:6:void Controller::CSD()	16	static
Controller.cpp:519:6:void Controller::CSUL()	16	static
Controller.cpp:520:6:void Controller::CSUR()	16	static
Controller.cpp:521:6:void Controller::CSDL()	16	static
Controller.cpp:522:6:void Controller::CSDR()	16	static
Controller.cpp:524:6:void Controller::RSUL()	16	static
Controller.cpp:525:6:void Controller::RSU()	16	static
Controller.cpp:526:6:void Controller::RSUR()	16	static
Controller.cpp:527:6:void Controller::RSR()	16	static
Controller.cpp:528:6:void Controller::RSDR()	16	static
Controller.cpp:529:6:void Controller::RSD()	16	static
Controller.cpp:530:6:void Controller::RSDL()	16	static
Controller.cpp:531:6:void Controller::RSL()	16	static
