Controller_E.cpp:40:6:void Controller::NOP()	24	static
Controller_E.cpp:45:6:void Controller::X()	16	static
Controller_E.cpp:46:6:void Controller::Y()	16	static
Controller_E.cpp:50:6:void Controller::A()	16	static
Controller_E.cpp:51:6:void Controller::B()	24	static
Controller_E.cpp:58:6:void Controller::LB()	16	static
Controller_E.cpp:62:6:void Controller::RB()	16	static
Controller_E.cpp:66:6:void Controller::LT()	16	static
Controller_E.cpp:70:6:void Controller::RT()	16	static
Controller_E.cpp:74:6:void Controller::START()	32	static
Controller_E.cpp:85:6:void Controller::BACK()	32	static
Controller_E.cpp:93:6:void Controller::LSU()	24	static
Controller_E.cpp:98:6:void Controller::LSL()	24	static
Controller_E.cpp:102:6:void Controller::LSR()	24	static
Controller_E.cpp:107:6:void Controller::LSD()	24	static
Controller_E.cpp:112:6:void Controller::LSUL()	24	static
Controller_E.cpp:117:6:void Controller::LSUR()	24	static
Controller_E.cpp:122:6:void Controller::LSDR()	24	static
Controller_E.cpp:127:6:void Controller::LSDL()	24	static
Controller_E.cpp:133:6:void Controller::CSU()	32	static
Controller_E.cpp:140:6:void Controller::CSR()	16	static
Controller_E.cpp:141:6:void Controller::CSL()	16	static
Controller_E.cpp:142:6:void Controller::CSD()	32	static
Controller_E.cpp:149:6:void Controller::CSUL()	16	static
Controller_E.cpp:150:6:void Controller::CSUR()	16	static
Controller_E.cpp:151:6:void Controller::CSDL()	16	static
Controller_E.cpp:152:6:void Controller::CSDR()	16	static
Controller_E.cpp:155:6:void Controller::RSU()	16	static
Controller_E.cpp:159:6:void Controller::RSR()	24	static
Controller_E.cpp:164:6:void Controller::RSL()	24	static
Controller_E.cpp:169:6:void Controller::RSD()	16	static
Controller_E.cpp:173:6:void Controller::RSUL()	16	static
Controller_E.cpp:174:6:void Controller::RSUR()	16	static
Controller_E.cpp:175:6:void Controller::RSDR()	16	static
Controller_E.cpp:176:6:void Controller::RSDL()	16	static
Controller_E.cpp:176:29:void __static_initialization_and_destruction_0(int, int)	16	static
Controller_E.cpp:176:29:cpp)	8	static
