gthr-default.h:229:1:int __gthread_key_delete(__gthread_key_t)	16	static
Debug.cpp:35:6:static void Debug::TTO_addr(addr, std::string, UART_HandleTypeDef*) [with addr = short unsigned int*]	64	static
Debug.cpp:50:6:static void Debug::TTO_addr(addr, std::string, UART_HandleTypeDef*) [with addr = long unsigned int*]	64	static
Debug.cpp:65:6:static void Debug::TTO_addr(addr, std::string, UART_HandleTypeDef*) [with addr = unsigned char*]	64	static
Debug.cpp:80:6:static void Debug::TTO_addr(addr, std::string, UART_HandleTypeDef*) [with addr = int*]	64	static
Debug.cpp:95:6:static void Debug::TTO_addr(addr, std::string, UART_HandleTypeDef*) [with addr = short int*]	64	static
Debug.cpp:111:6:static void Debug::TTO_addr(addr, std::string, UART_HandleTypeDef*) [with addr = double*]	64	static
Debug.cpp:125:6:static void Debug::TTO_addr(addr, std::string, UART_HandleTypeDef*) [with addr = float*]	64	static
Debug.cpp:157:6:static void Debug::TTO_val(type, std::string, UART_HandleTypeDef*) [with type = int]	64	static
Debug.cpp:172:6:static void Debug::TTO_val(type, std::string, UART_HandleTypeDef*) [with type = short int]	64	static
Debug.cpp:189:6:static void Debug::TTO_val(type, std::string, UART_HandleTypeDef*) [with type = unsigned char]	64	static
Debug.cpp:203:6:static void Debug::TTO_val(type, std::string, UART_HandleTypeDef*) [with type = short unsigned int]	64	static
Debug.cpp:217:6:static void Debug::TTO_val(type, std::string, UART_HandleTypeDef*) [with type = long unsigned int]	64	static
Debug.cpp:231:6:static void Debug::TTO_val(type, std::string, UART_HandleTypeDef*) [with type = double]	64	static
Debug.cpp:247:6:static void Debug::TTO_val(type, std::string, UART_HandleTypeDef*) [with type = float]	64	static
Debug.cpp:281:6:static void Debug::time_calc(UART_HandleTypeDef*)	104	static
Debug.cpp:315:6:void Debug::str_output(std::string, UART_HandleTypeDef*)	56	dynamic
