gthr-default.h:229:1:int __gthread_key_delete(__gthread_key_t)	16	static
Debug.cpp:34:6:static void Debug::TTO_addr(addr, std::string, UART_HandleTypeDef*) [with addr = short unsigned int*]	64	static
Debug.cpp:49:6:static void Debug::TTO_addr(addr, std::string, UART_HandleTypeDef*) [with addr = long unsigned int*]	64	static
Debug.cpp:64:6:static void Debug::TTO_addr(addr, std::string, UART_HandleTypeDef*) [with addr = unsigned char*]	64	static
Debug.cpp:79:6:static void Debug::TTO_addr(addr, std::string, UART_HandleTypeDef*) [with addr = int*]	64	static
Debug.cpp:94:6:static void Debug::TTO_addr(addr, std::string, UART_HandleTypeDef*) [with addr = short int*]	64	static
Debug.cpp:110:6:static void Debug::TTO_addr(addr, std::string, UART_HandleTypeDef*) [with addr = double*]	64	static
Debug.cpp:124:6:static void Debug::TTO_addr(addr, std::string, UART_HandleTypeDef*) [with addr = float*]	64	static
Debug.cpp:156:6:static void Debug::TTO_val(type, std::string, UART_HandleTypeDef*) [with type = int]	64	static
Debug.cpp:171:6:static void Debug::TTO_val(type, std::string, UART_HandleTypeDef*) [with type = short int]	64	static
Debug.cpp:188:6:static void Debug::TTO_val(type, std::string, UART_HandleTypeDef*) [with type = unsigned char]	64	static
Debug.cpp:202:6:static void Debug::TTO_val(type, std::string, UART_HandleTypeDef*) [with type = short unsigned int]	64	static
Debug.cpp:216:6:static void Debug::TTO_val(type, std::string, UART_HandleTypeDef*) [with type = long unsigned int]	64	static
Debug.cpp:230:6:static void Debug::TTO_val(type, std::string, UART_HandleTypeDef*) [with type = double]	64	static
Debug.cpp:246:6:static void Debug::TTO_val(type, std::string, UART_HandleTypeDef*) [with type = float]	64	static
Debug.cpp:280:6:static void Debug::time_calc(UART_HandleTypeDef*)	104	static
Debug.cpp:314:6:void Debug::str_output(std::string, UART_HandleTypeDef*)	56	dynamic
