gthr-default.h:229:1:int __gthread_key_delete(__gthread_key_t)	16	static
hGPIO.cpp:38:6:void HGPIO::identify(uint16_t)	464	static
hGPIO.cpp:111:6:void HGPIO::GPIO_PIN_0_func()	16	static
hGPIO.cpp:115:6:void HGPIO::GPIO_PIN_1_func()	16	static
hGPIO.cpp:116:6:void HGPIO::GPIO_PIN_2_func()	16	static
hGPIO.cpp:117:6:void HGPIO::GPIO_PIN_3_func()	16	static
hGPIO.cpp:119:6:void HGPIO::GPIO_PIN_4_func()	16	static
hGPIO.cpp:123:6:void HGPIO::GPIO_PIN_5_func()	16	static
hGPIO.cpp:124:6:void HGPIO::GPIO_PIN_6_func()	16	static
hGPIO.cpp:125:6:void HGPIO::GPIO_PIN_7_func()	16	static
hGPIO.cpp:126:6:void HGPIO::GPIO_PIN_8_func()	16	static
hGPIO.cpp:127:6:void HGPIO::GPIO_PIN_9_func()	16	static
hGPIO.cpp:128:6:void HGPIO::GPIO_PIN_10_func()	16	static
hGPIO.cpp:129:6:void HGPIO::GPIO_PIN_11_func()	16	static
hGPIO.cpp:151:6:void HGPIO::GPIO_PIN_12_func()	32	static
hGPIO.cpp:160:6:void HGPIO::GPIO_PIN_13_func()	16	static
hGPIO.cpp:164:6:void HGPIO::GPIO_PIN_14_func()	16	static
hGPIO.cpp:186:6:void HGPIO::GPIO_PIN_15_func()	16	static
