gthr-default.h:229:1:int __gthread_key_delete(__gthread_key_t)	16	static
hGPIO.cpp:37:6:void HGPIO::identify(uint16_t)	464	static
hGPIO.cpp:110:6:void HGPIO::GPIO_PIN_0_func()	16	static
hGPIO.cpp:114:6:void HGPIO::GPIO_PIN_1_func()	16	static
hGPIO.cpp:137:6:void HGPIO::GPIO_PIN_2_func()	16	static
hGPIO.cpp:138:6:void HGPIO::GPIO_PIN_3_func()	16	static
hGPIO.cpp:140:6:void HGPIO::GPIO_PIN_4_func()	16	static
hGPIO.cpp:144:6:void HGPIO::GPIO_PIN_5_func()	16	static
hGPIO.cpp:145:6:void HGPIO::GPIO_PIN_6_func()	16	static
hGPIO.cpp:146:6:void HGPIO::GPIO_PIN_7_func()	16	static
hGPIO.cpp:147:6:void HGPIO::GPIO_PIN_8_func()	16	static
hGPIO.cpp:148:6:void HGPIO::GPIO_PIN_9_func()	16	static
hGPIO.cpp:149:6:void HGPIO::GPIO_PIN_10_func()	16	static
hGPIO.cpp:150:6:void HGPIO::GPIO_PIN_11_func()	16	static
hGPIO.cpp:152:6:void HGPIO::GPIO_PIN_12_func()	32	static
hGPIO.cpp:160:6:void HGPIO::GPIO_PIN_13_func()	16	static
hGPIO.cpp:163:6:void HGPIO::GPIO_PIN_14_func()	16	static
hGPIO.cpp:167:6:void HGPIO::GPIO_PIN_15_func()	16	static
