main.cpp:91:5:int main()	32	static
main.cpp:151:6:void SystemClock_Config()	88	static
main.cpp:191:13:void MX_I2C1_Init()	8	static
main.cpp:225:13:void MX_TIM1_Init()	56	static
main.cpp:275:13:void MX_TIM3_Init()	56	static
main.cpp:324:13:void MX_TIM5_Init()	56	static
main.cpp:373:13:void MX_TIM6_Init()	16	static
main.cpp:411:13:void MX_USART2_UART_Init()	8	static
main.cpp:444:13:void MX_USART3_UART_Init()	8	static
main.cpp:477:13:void MX_USART6_UART_Init()	8	static
main.cpp:510:13:void MX_GPIO_Init()	24	static
main.cpp:528:6:void Error_Handler()	4	static,ignoring_inline_asm
