main.cpp:103:6:void HAL_UART_RxCpltCallback(UART_HandleTypeDef*)	32	static
main.cpp:137:6:void HAL_GPIO_EXTI_Callback(uint16_t)	24	static
main.cpp:151:5:int main()	16	static
main.cpp:211:6:void SystemClock_Config()	88	static
main.cpp:257:13:void MX_I2C1_Init()	8	static
main.cpp:291:13:void MX_I2C3_Init()	8	static
main.cpp:325:13:void MX_SPI1_Init()	8	static
main.cpp:362:13:void MX_TIM2_Init()	56	static
main.cpp:411:13:void MX_TIM3_Init()	56	static
main.cpp:460:13:void MX_TIM4_Init()	56	static
main.cpp:509:13:void MX_TIM5_Init()	56	static
main.cpp:558:13:void MX_TIM6_Init()	16	static
main.cpp:596:13:void MX_TIM7_Init()	16	static
main.cpp:634:13:void MX_UART4_Init()	8	static
main.cpp:667:13:void MX_UART5_Init()	8	static
main.cpp:700:13:void MX_USART1_UART_Init()	8	static
main.cpp:733:13:void MX_USART2_UART_Init()	8	static
main.cpp:766:13:void MX_USART3_UART_Init()	8	static
main.cpp:799:13:void MX_USART6_UART_Init()	8	static
main.cpp:830:13:void MX_DMA_Init()	16	static
main.cpp:851:13:void MX_GPIO_Init()	48	static
main.cpp:921:6:void Error_Handler()	24	static,ignoring_inline_asm
