main.cpp:89:5:int main()	72	static
main.cpp:170:6:void SystemClock_Config()	88	static
main.cpp:210:13:void MX_I2C1_Init()	8	static
main.cpp:244:13:void MX_TIM1_Init()	56	static
main.cpp:294:13:void MX_TIM3_Init()	56	static
main.cpp:343:13:void MX_TIM5_Init()	56	static
main.cpp:392:13:void MX_TIM6_Init()	16	static
main.cpp:430:13:void MX_USART2_UART_Init()	8	static
main.cpp:463:13:void MX_USART3_UART_Init()	8	static
main.cpp:496:13:void MX_USART6_UART_Init()	8	static
main.cpp:527:13:void MX_DMA_Init()	16	static
main.cpp:548:13:void MX_GPIO_Init()	24	static
main.cpp:566:6:void Error_Handler()	4	static,ignoring_inline_asm
