gthr-default.h:229:1:int __gthread_key_delete(__gthread_key_t)	16	static
main.cpp:105:6:void HAL_UART_RxCpltCallback(UART_HandleTypeDef*)	32	static
main.cpp:136:6:void HAL_GPIO_EXTI_Callback(uint16_t)	24	static
main.cpp:144:6:void HAL_TIM_PeriodElapsedCallback(TIM_HandleTypeDef*)	16	static
main.cpp:168:5:int main()	24	static
main.cpp:231:6:void SystemClock_Config()	88	static
main.cpp:277:13:void MX_ADC1_Init()	24	static
main.cpp:327:13:void MX_ADC2_Init()	24	static
main.cpp:377:13:void MX_I2C1_Init()	8	static
main.cpp:411:13:void MX_I2C3_Init()	8	static
main.cpp:445:13:void MX_TIM2_Init()	56	static
main.cpp:494:13:void MX_TIM3_Init()	56	static
main.cpp:543:13:void MX_TIM4_Init()	56	static
main.cpp:592:13:void MX_TIM5_Init()	56	static
main.cpp:641:13:void MX_TIM6_Init()	16	static
main.cpp:679:13:void MX_TIM7_Init()	16	static
main.cpp:717:13:void MX_UART4_Init()	8	static
main.cpp:750:13:void MX_UART5_Init()	8	static
main.cpp:783:13:void MX_USART1_UART_Init()	8	static
main.cpp:816:13:void MX_USART2_UART_Init()	8	static
main.cpp:849:13:void MX_USART3_UART_Init()	8	static
main.cpp:882:13:void MX_USART6_UART_Init()	8	static
main.cpp:915:13:void MX_GPIO_Init()	48	static
main.cpp:1006:6:void Error_Handler()	24	static,ignoring_inline_asm
