main.cpp:85:6:void HAL_UART_RxCpltCallback(UART_HandleTypeDef*)	16	static
main.cpp:97:5:int main()	16	static
main.cpp:161:6:void SystemClock_Config()	88	static
main.cpp:201:13:void MX_I2C1_Init()	8	static
main.cpp:235:13:void MX_TIM1_Init()	56	static
main.cpp:285:13:void MX_TIM3_Init()	56	static
main.cpp:334:13:void MX_TIM5_Init()	56	static
main.cpp:383:13:void MX_TIM6_Init()	16	static
main.cpp:421:13:void MX_UART4_Init()	8	static
main.cpp:454:13:void MX_USART2_UART_Init()	8	static
main.cpp:487:13:void MX_USART3_UART_Init()	8	static
main.cpp:520:13:void MX_USART6_UART_Init()	8	static
main.cpp:551:13:void MX_DMA_Init()	16	static
main.cpp:572:13:void MX_GPIO_Init()	24	static
main.cpp:590:6:void Error_Handler()	4	static,ignoring_inline_asm
