main.cpp:107:6:void HAL_UART_RxCpltCallback(UART_HandleTypeDef*)	32	static
main.cpp:139:6:void HAL_GPIO_EXTI_Callback(uint16_t)	24	static
main.cpp:147:6:void HAL_TIM_PeriodElapsedCallback(TIM_HandleTypeDef*)	16	static
main.cpp:183:5:int main()	16	static
main.cpp:243:6:void SystemClock_Config()	88	static
main.cpp:289:13:void MX_ADC1_Init()	24	static
main.cpp:339:13:void MX_ADC2_Init()	24	static
main.cpp:389:13:void MX_I2C1_Init()	8	static
main.cpp:423:13:void MX_I2C3_Init()	8	static
main.cpp:457:13:void MX_SPI1_Init()	8	static
main.cpp:494:13:void MX_TIM2_Init()	56	static
main.cpp:543:13:void MX_TIM3_Init()	56	static
main.cpp:592:13:void MX_TIM4_Init()	56	static
main.cpp:641:13:void MX_TIM5_Init()	56	static
main.cpp:690:13:void MX_TIM6_Init()	16	static
main.cpp:728:13:void MX_TIM7_Init()	16	static
main.cpp:766:13:void MX_UART4_Init()	8	static
main.cpp:799:13:void MX_UART5_Init()	8	static
main.cpp:832:13:void MX_USART1_UART_Init()	8	static
main.cpp:865:13:void MX_USART2_UART_Init()	8	static
main.cpp:898:13:void MX_USART3_UART_Init()	8	static
main.cpp:931:13:void MX_USART6_UART_Init()	8	static
main.cpp:964:13:void MX_GPIO_Init()	48	static
main.cpp:1027:6:void time_calc()	24	static
main.cpp:1063:6:void Error_Handler()	24	static,ignoring_inline_asm
