main.cpp:82:6:void HAL_UART_RxCpltCallback(UART_HandleTypeDef*)	16	static
main.cpp:94:5:int main()	8	static
main.cpp:156:6:void SystemClock_Config()	88	static
main.cpp:196:13:void MX_I2C1_Init()	8	static
main.cpp:230:13:void MX_TIM1_Init()	56	static
main.cpp:280:13:void MX_TIM3_Init()	56	static
main.cpp:329:13:void MX_TIM5_Init()	56	static
main.cpp:378:13:void MX_TIM6_Init()	16	static
main.cpp:416:13:void MX_UART4_Init()	8	static
main.cpp:449:13:void MX_USART2_UART_Init()	8	static
main.cpp:482:13:void MX_USART3_UART_Init()	8	static
main.cpp:515:13:void MX_USART6_UART_Init()	8	static
main.cpp:546:13:void MX_DMA_Init()	16	static
main.cpp:567:13:void MX_GPIO_Init()	24	static
main.cpp:585:6:void Error_Handler()	4	static,ignoring_inline_asm
