main.cpp:91:6:void HAL_UART_RxCpltCallback(UART_HandleTypeDef*)	16	static
main.cpp:103:5:int main()	8	static
main.cpp:170:6:void SystemClock_Config()	88	static
main.cpp:216:13:void MX_I2C1_Init()	8	static
main.cpp:250:13:void MX_I2C3_Init()	8	static
main.cpp:284:13:void MX_TIM2_Init()	56	static
main.cpp:333:13:void MX_TIM4_Init()	56	static
main.cpp:382:13:void MX_TIM5_Init()	56	static
main.cpp:431:13:void MX_TIM6_Init()	16	static
main.cpp:469:13:void MX_UART4_Init()	8	static
main.cpp:502:13:void MX_UART5_Init()	8	static
main.cpp:535:13:void MX_USART1_UART_Init()	8	static
main.cpp:568:13:void MX_USART2_UART_Init()	8	static
main.cpp:601:13:void MX_USART3_UART_Init()	8	static
main.cpp:634:13:void MX_USART6_UART_Init()	8	static
main.cpp:665:13:void MX_DMA_Init()	16	static
main.cpp:686:13:void MX_GPIO_Init()	48	static
main.cpp:744:6:void Error_Handler()	4	static,ignoring_inline_asm
