gthr-default.h:229:1:int __gthread_key_delete(__gthread_key_t)	16	static
main.cpp:104:6:void HAL_UART_RxCpltCallback(UART_HandleTypeDef*)	32	static
main.cpp:135:6:void HAL_GPIO_EXTI_Callback(uint16_t)	24	static
main.cpp:143:6:void HAL_TIM_PeriodElapsedCallback(TIM_HandleTypeDef*)	16	static
main.cpp:179:5:int main()	24	static
main.cpp:242:6:void SystemClock_Config()	88	static
main.cpp:288:13:void MX_ADC1_Init()	24	static
main.cpp:338:13:void MX_ADC2_Init()	24	static
main.cpp:388:13:void MX_I2C1_Init()	8	static
main.cpp:422:13:void MX_I2C3_Init()	8	static
main.cpp:456:13:void MX_TIM2_Init()	56	static
main.cpp:505:13:void MX_TIM3_Init()	56	static
main.cpp:554:13:void MX_TIM4_Init()	56	static
main.cpp:603:13:void MX_TIM5_Init()	56	static
main.cpp:652:13:void MX_TIM6_Init()	16	static
main.cpp:690:13:void MX_TIM7_Init()	16	static
main.cpp:728:13:void MX_UART4_Init()	8	static
main.cpp:761:13:void MX_UART5_Init()	8	static
main.cpp:794:13:void MX_USART1_UART_Init()	8	static
main.cpp:827:13:void MX_USART2_UART_Init()	8	static
main.cpp:860:13:void MX_USART3_UART_Init()	8	static
main.cpp:893:13:void MX_USART6_UART_Init()	8	static
main.cpp:926:13:void MX_GPIO_Init()	48	static
main.cpp:1017:6:void Error_Handler()	24	static,ignoring_inline_asm
