main.cpp:85:6:void HAL_UART_RxCpltCallback(UART_HandleTypeDef*)	16	static
main.cpp:97:5:int main()	8	static
main.cpp:159:6:void SystemClock_Config()	88	static
main.cpp:199:13:void MX_I2C1_Init()	8	static
main.cpp:233:13:void MX_TIM1_Init()	56	static
main.cpp:283:13:void MX_TIM3_Init()	56	static
main.cpp:332:13:void MX_TIM5_Init()	56	static
main.cpp:381:13:void MX_TIM6_Init()	16	static
main.cpp:419:13:void MX_UART4_Init()	8	static
main.cpp:452:13:void MX_USART2_UART_Init()	8	static
main.cpp:485:13:void MX_USART3_UART_Init()	8	static
main.cpp:518:13:void MX_USART6_UART_Init()	8	static
main.cpp:549:13:void MX_DMA_Init()	16	static
main.cpp:570:13:void MX_GPIO_Init()	24	static
main.cpp:588:6:void Error_Handler()	4	static,ignoring_inline_asm
