gthr-default.h:229:1:int __gthread_key_delete(__gthread_key_t)	16	static
main.cpp:105:6:void HAL_UART_RxCpltCallback(UART_HandleTypeDef*)	32	static
main.cpp:136:6:void HAL_GPIO_EXTI_Callback(uint16_t)	24	static
main.cpp:144:6:void HAL_TIM_PeriodElapsedCallback(TIM_HandleTypeDef*)	16	static
main.cpp:168:5:int main()	24	static
main.cpp:230:6:void SystemClock_Config()	88	static
main.cpp:276:13:void MX_ADC1_Init()	24	static
main.cpp:326:13:void MX_ADC2_Init()	24	static
main.cpp:376:13:void MX_I2C1_Init()	8	static
main.cpp:410:13:void MX_I2C3_Init()	8	static
main.cpp:444:13:void MX_TIM2_Init()	56	static
main.cpp:493:13:void MX_TIM3_Init()	56	static
main.cpp:542:13:void MX_TIM4_Init()	56	static
main.cpp:591:13:void MX_TIM5_Init()	56	static
main.cpp:640:13:void MX_TIM6_Init()	16	static
main.cpp:678:13:void MX_TIM7_Init()	16	static
main.cpp:716:13:void MX_UART4_Init()	8	static
main.cpp:749:13:void MX_UART5_Init()	8	static
main.cpp:782:13:void MX_USART1_UART_Init()	8	static
main.cpp:815:13:void MX_USART2_UART_Init()	8	static
main.cpp:848:13:void MX_USART3_UART_Init()	8	static
main.cpp:881:13:void MX_USART6_UART_Init()	8	static
main.cpp:914:13:void MX_GPIO_Init()	48	static
main.cpp:1005:6:void Error_Handler()	24	static,ignoring_inline_asm
