main.cpp:101:6:void HAL_UART_RxCpltCallback(UART_HandleTypeDef*)	24	static
main.cpp:125:6:void HAL_GPIO_EXTI_Callback(uint16_t)	24	static
main.cpp:139:5:int main()	16	static
main.cpp:201:6:void SystemClock_Config()	88	static
main.cpp:247:13:void MX_I2C1_Init()	8	static
main.cpp:281:13:void MX_I2C3_Init()	8	static
main.cpp:315:13:void MX_SPI1_Init()	8	static
main.cpp:352:13:void MX_TIM2_Init()	56	static
main.cpp:401:13:void MX_TIM3_Init()	56	static
main.cpp:450:13:void MX_TIM4_Init()	56	static
main.cpp:499:13:void MX_TIM5_Init()	56	static
main.cpp:548:13:void MX_TIM6_Init()	16	static
main.cpp:586:13:void MX_UART4_Init()	8	static
main.cpp:619:13:void MX_UART5_Init()	8	static
main.cpp:652:13:void MX_USART1_UART_Init()	8	static
main.cpp:685:13:void MX_USART2_UART_Init()	8	static
main.cpp:718:13:void MX_USART3_UART_Init()	8	static
main.cpp:751:13:void MX_USART6_UART_Init()	8	static
main.cpp:782:13:void MX_DMA_Init()	16	static
main.cpp:803:13:void MX_GPIO_Init()	48	static
main.cpp:873:6:void Error_Handler()	24	static,ignoring_inline_asm
