main.cpp:89:5:int main()	16	static
main.cpp:152:6:void SystemClock_Config()	88	static
main.cpp:192:13:void MX_I2C1_Init()	8	static
main.cpp:226:13:void MX_TIM1_Init()	56	static
main.cpp:276:13:void MX_TIM3_Init()	56	static
main.cpp:325:13:void MX_TIM5_Init()	56	static
main.cpp:374:13:void MX_TIM6_Init()	16	static
main.cpp:412:13:void MX_USART2_UART_Init()	8	static
main.cpp:445:13:void MX_USART3_UART_Init()	8	static
main.cpp:478:13:void MX_USART6_UART_Init()	8	static
main.cpp:509:13:void MX_DMA_Init()	16	static
main.cpp:530:13:void MX_GPIO_Init()	24	static
main.cpp:548:6:void Error_Handler()	4	static,ignoring_inline_asm
