main.cpp:106:6:void HAL_UART_RxCpltCallback(UART_HandleTypeDef*)	32	static
main.cpp:140:6:void HAL_GPIO_EXTI_Callback(uint16_t)	24	static
main.cpp:148:6:void HAL_TIM_PeriodElapsedCallback(TIM_HandleTypeDef*)	16	static
main.cpp:185:5:int main()	16	static
main.cpp:246:6:void SystemClock_Config()	88	static
main.cpp:292:13:void MX_ADC1_Init()	24	static
main.cpp:342:13:void MX_ADC2_Init()	24	static
main.cpp:392:13:void MX_I2C1_Init()	8	static
main.cpp:426:13:void MX_I2C3_Init()	8	static
main.cpp:460:13:void MX_SPI1_Init()	8	static
main.cpp:497:13:void MX_TIM2_Init()	56	static
main.cpp:546:13:void MX_TIM3_Init()	56	static
main.cpp:595:13:void MX_TIM4_Init()	56	static
main.cpp:644:13:void MX_TIM5_Init()	56	static
main.cpp:693:13:void MX_TIM6_Init()	16	static
main.cpp:731:13:void MX_TIM7_Init()	16	static
main.cpp:769:13:void MX_UART4_Init()	8	static
main.cpp:802:13:void MX_UART5_Init()	8	static
main.cpp:835:13:void MX_USART1_UART_Init()	8	static
main.cpp:868:13:void MX_USART2_UART_Init()	8	static
main.cpp:901:13:void MX_USART3_UART_Init()	8	static
main.cpp:934:13:void MX_USART6_UART_Init()	8	static
main.cpp:967:13:void MX_GPIO_Init()	48	static
main.cpp:1037:6:void Error_Handler()	24	static,ignoring_inline_asm
