main.cpp:103:6:void HAL_UART_RxCpltCallback(UART_HandleTypeDef*)	32	static
main.cpp:137:6:void HAL_GPIO_EXTI_Callback(uint16_t)	24	static
main.cpp:151:5:int main()	16	static
main.cpp:211:6:void SystemClock_Config()	88	static
main.cpp:257:13:void MX_ADC1_Init()	24	static
main.cpp:307:13:void MX_I2C1_Init()	8	static
main.cpp:341:13:void MX_I2C3_Init()	8	static
main.cpp:375:13:void MX_SPI1_Init()	8	static
main.cpp:412:13:void MX_TIM2_Init()	56	static
main.cpp:461:13:void MX_TIM3_Init()	56	static
main.cpp:510:13:void MX_TIM4_Init()	56	static
main.cpp:559:13:void MX_TIM5_Init()	56	static
main.cpp:608:13:void MX_TIM6_Init()	16	static
main.cpp:646:13:void MX_TIM7_Init()	16	static
main.cpp:684:13:void MX_UART4_Init()	8	static
main.cpp:717:13:void MX_UART5_Init()	8	static
main.cpp:750:13:void MX_USART1_UART_Init()	8	static
main.cpp:783:13:void MX_USART2_UART_Init()	8	static
main.cpp:816:13:void MX_USART3_UART_Init()	8	static
main.cpp:849:13:void MX_USART6_UART_Init()	8	static
main.cpp:882:13:void MX_GPIO_Init()	48	static
main.cpp:952:6:void Error_Handler()	24	static,ignoring_inline_asm
