main.cpp:91:6:void HAL_UART_RxCpltCallback(UART_HandleTypeDef*)	24	static
main.cpp:108:5:int main()	8	static
main.cpp:175:6:void SystemClock_Config()	88	static
main.cpp:221:13:void MX_I2C1_Init()	8	static
main.cpp:255:13:void MX_I2C3_Init()	8	static
main.cpp:289:13:void MX_TIM2_Init()	56	static
main.cpp:338:13:void MX_TIM4_Init()	56	static
main.cpp:387:13:void MX_TIM5_Init()	56	static
main.cpp:436:13:void MX_TIM6_Init()	16	static
main.cpp:474:13:void MX_UART4_Init()	8	static
main.cpp:507:13:void MX_UART5_Init()	8	static
main.cpp:540:13:void MX_USART1_UART_Init()	8	static
main.cpp:573:13:void MX_USART2_UART_Init()	8	static
main.cpp:606:13:void MX_USART3_UART_Init()	8	static
main.cpp:639:13:void MX_USART6_UART_Init()	8	static
main.cpp:670:13:void MX_DMA_Init()	16	static
main.cpp:691:13:void MX_GPIO_Init()	48	static
main.cpp:749:6:void Error_Handler()	4	static,ignoring_inline_asm
