main.cpp:83:5:int main()	16	static
main.cpp:145:6:void SystemClock_Config()	88	static
main.cpp:185:13:void MX_I2C1_Init()	8	static
main.cpp:219:13:void MX_TIM1_Init()	56	static
main.cpp:269:13:void MX_TIM3_Init()	56	static
main.cpp:318:13:void MX_TIM5_Init()	56	static
main.cpp:367:13:void MX_TIM6_Init()	16	static
main.cpp:405:13:void MX_USART2_UART_Init()	8	static
main.cpp:438:13:void MX_USART3_UART_Init()	8	static
main.cpp:471:13:void MX_USART6_UART_Init()	8	static
main.cpp:504:13:void MX_GPIO_Init()	24	static
main.cpp:522:6:void Error_Handler()	4	static,ignoring_inline_asm
