main.cpp:95:6:void HAL_UART_RxCpltCallback(UART_HandleTypeDef*)	24	static
main.cpp:107:6:void HAL_GPIO_EXTI_Callback(uint16_t)	24	static
main.cpp:121:5:int main()	16	static
main.cpp:179:6:void SystemClock_Config()	88	static
main.cpp:225:13:void MX_I2C1_Init()	8	static
main.cpp:259:13:void MX_I2C3_Init()	8	static
main.cpp:293:13:void MX_TIM2_Init()	56	static
main.cpp:342:13:void MX_TIM3_Init()	56	static
main.cpp:391:13:void MX_TIM4_Init()	56	static
main.cpp:440:13:void MX_TIM5_Init()	56	static
main.cpp:489:13:void MX_TIM6_Init()	16	static
main.cpp:527:13:void MX_UART4_Init()	8	static
main.cpp:560:13:void MX_UART5_Init()	8	static
main.cpp:593:13:void MX_USART1_UART_Init()	8	static
main.cpp:626:13:void MX_USART2_UART_Init()	8	static
main.cpp:659:13:void MX_USART3_UART_Init()	8	static
main.cpp:692:13:void MX_USART6_UART_Init()	8	static
main.cpp:723:13:void MX_DMA_Init()	16	static
main.cpp:744:13:void MX_GPIO_Init()	48	static
main.cpp:830:6:void Error_Handler()	4	static,ignoring_inline_asm
