main.cpp:88:5:int main()	8	static
main.cpp:148:6:void SystemClock_Config()	88	static
main.cpp:188:13:void MX_I2C1_Init()	8	static
main.cpp:222:13:void MX_TIM1_Init()	56	static
main.cpp:272:13:void MX_TIM3_Init()	56	static
main.cpp:321:13:void MX_TIM5_Init()	56	static
main.cpp:370:13:void MX_TIM6_Init()	16	static
main.cpp:408:13:void MX_USART2_UART_Init()	8	static
main.cpp:441:13:void MX_USART3_UART_Init()	8	static
main.cpp:474:13:void MX_USART6_UART_Init()	8	static
main.cpp:505:13:void MX_DMA_Init()	16	static
main.cpp:526:13:void MX_GPIO_Init()	24	static
main.cpp:544:6:void Error_Handler()	4	static,ignoring_inline_asm
