main.cpp:93:6:void HAL_UART_RxCpltCallback(UART_HandleTypeDef*)	24	static
main.cpp:105:6:void HAL_GPIO_EXTI_Callback(uint16_t)	24	static
main.cpp:119:5:int main()	16	static
main.cpp:176:6:void SystemClock_Config()	88	static
main.cpp:222:13:void MX_I2C1_Init()	8	static
main.cpp:256:13:void MX_TIM2_Init()	56	static
main.cpp:305:13:void MX_TIM3_Init()	56	static
main.cpp:354:13:void MX_TIM4_Init()	56	static
main.cpp:403:13:void MX_TIM5_Init()	56	static
main.cpp:452:13:void MX_TIM6_Init()	16	static
main.cpp:490:13:void MX_UART5_Init()	8	static
main.cpp:523:13:void MX_USART1_UART_Init()	8	static
main.cpp:556:13:void MX_USART2_UART_Init()	8	static
main.cpp:589:13:void MX_USART3_UART_Init()	8	static
main.cpp:622:13:void MX_USART6_UART_Init()	8	static
main.cpp:653:13:void MX_DMA_Init()	16	static
main.cpp:674:13:void MX_GPIO_Init()	48	static
main.cpp:765:6:void Error_Handler()	16	static,ignoring_inline_asm
