main.cpp:100:6:void HAL_UART_RxCpltCallback(UART_HandleTypeDef*)	32	static
main.cpp:132:6:void HAL_GPIO_EXTI_Callback(uint16_t)	24	static
main.cpp:146:5:int main()	32	static
main.cpp:220:6:void SystemClock_Config()	88	static
main.cpp:266:13:void MX_I2C1_Init()	8	static
main.cpp:300:13:void MX_I2C3_Init()	8	static
main.cpp:334:13:void MX_SPI1_Init()	8	static
main.cpp:371:13:void MX_TIM2_Init()	56	static
main.cpp:420:13:void MX_TIM3_Init()	56	static
main.cpp:469:13:void MX_TIM4_Init()	56	static
main.cpp:518:13:void MX_TIM5_Init()	56	static
main.cpp:567:13:void MX_TIM6_Init()	16	static
main.cpp:605:13:void MX_TIM7_Init()	16	static
main.cpp:643:13:void MX_UART4_Init()	8	static
main.cpp:676:13:void MX_UART5_Init()	8	static
main.cpp:709:13:void MX_USART1_UART_Init()	8	static
main.cpp:742:13:void MX_USART2_UART_Init()	8	static
main.cpp:775:13:void MX_USART3_UART_Init()	8	static
main.cpp:808:13:void MX_USART6_UART_Init()	8	static
main.cpp:841:13:void MX_GPIO_Init()	48	static
main.cpp:911:6:void Error_Handler()	24	static,ignoring_inline_asm
