main.cpp:83:5:int main()	16	static
main.cpp:138:6:void SystemClock_Config()	88	static
main.cpp:178:13:void MX_I2C1_Init()	8	static
main.cpp:212:13:void MX_TIM1_Init()	56	static
main.cpp:262:13:void MX_TIM3_Init()	56	static
main.cpp:311:13:void MX_TIM5_Init()	56	static
main.cpp:360:13:void MX_TIM6_Init()	16	static
main.cpp:398:13:void MX_USART2_UART_Init()	8	static
main.cpp:431:13:void MX_USART3_UART_Init()	8	static
main.cpp:464:13:void MX_USART6_UART_Init()	8	static
main.cpp:497:13:void MX_GPIO_Init()	24	static
main.cpp:515:6:void Error_Handler()	4	static,ignoring_inline_asm
