main.cpp:89:6:void HAL_UART_RxCpltCallback(UART_HandleTypeDef*)	16	static
main.cpp:101:5:int main()	24	static
main.cpp:174:6:void SystemClock_Config()	88	static
main.cpp:214:13:void MX_I2C1_Init()	8	static
main.cpp:248:13:void MX_TIM1_Init()	56	static
main.cpp:298:13:void MX_TIM3_Init()	56	static
main.cpp:347:13:void MX_TIM5_Init()	56	static
main.cpp:396:13:void MX_TIM6_Init()	16	static
main.cpp:434:13:void MX_UART4_Init()	8	static
main.cpp:467:13:void MX_UART5_Init()	8	static
main.cpp:500:13:void MX_USART1_UART_Init()	8	static
main.cpp:533:13:void MX_USART2_UART_Init()	8	static
main.cpp:566:13:void MX_USART3_UART_Init()	8	static
main.cpp:599:13:void MX_USART6_UART_Init()	8	static
main.cpp:630:13:void MX_DMA_Init()	16	static
main.cpp:651:13:void MX_GPIO_Init()	24	static
main.cpp:670:6:void Error_Handler()	4	static,ignoring_inline_asm
