main.cpp:94:6:void HAL_UART_RxCpltCallback(UART_HandleTypeDef*)	24	static
main.cpp:106:6:void HAL_GPIO_EXTI_Callback(uint16_t)	24	static
main.cpp:120:5:int main()	8	static
main.cpp:191:6:void SystemClock_Config()	88	static
main.cpp:237:13:void MX_I2C1_Init()	8	static
main.cpp:271:13:void MX_I2C3_Init()	8	static
main.cpp:305:13:void MX_TIM2_Init()	56	static
main.cpp:354:13:void MX_TIM3_Init()	56	static
main.cpp:403:13:void MX_TIM4_Init()	56	static
main.cpp:452:13:void MX_TIM5_Init()	56	static
main.cpp:501:13:void MX_TIM6_Init()	16	static
main.cpp:539:13:void MX_UART4_Init()	8	static
main.cpp:572:13:void MX_UART5_Init()	8	static
main.cpp:605:13:void MX_USART1_UART_Init()	8	static
main.cpp:638:13:void MX_USART2_UART_Init()	8	static
main.cpp:671:13:void MX_USART3_UART_Init()	8	static
main.cpp:704:13:void MX_USART6_UART_Init()	8	static
main.cpp:735:13:void MX_DMA_Init()	16	static
main.cpp:756:13:void MX_GPIO_Init()	48	static
main.cpp:842:6:void Error_Handler()	4	static,ignoring_inline_asm
