main.cpp:103:6:void HAL_UART_RxCpltCallback(UART_HandleTypeDef*)	24	static
main.cpp:133:6:void HAL_GPIO_EXTI_Callback(uint16_t)	24	static
main.cpp:147:5:int main()	16	static
main.cpp:207:6:void SystemClock_Config()	88	static
main.cpp:253:13:void MX_I2C1_Init()	8	static
main.cpp:287:13:void MX_I2C3_Init()	8	static
main.cpp:321:13:void MX_SPI1_Init()	8	static
main.cpp:358:13:void MX_TIM2_Init()	56	static
main.cpp:407:13:void MX_TIM3_Init()	56	static
main.cpp:456:13:void MX_TIM4_Init()	56	static
main.cpp:505:13:void MX_TIM5_Init()	56	static
main.cpp:554:13:void MX_TIM6_Init()	16	static
main.cpp:592:13:void MX_TIM7_Init()	16	static
main.cpp:630:13:void MX_UART4_Init()	8	static
main.cpp:663:13:void MX_UART5_Init()	8	static
main.cpp:696:13:void MX_USART1_UART_Init()	8	static
main.cpp:729:13:void MX_USART2_UART_Init()	8	static
main.cpp:762:13:void MX_USART3_UART_Init()	8	static
main.cpp:795:13:void MX_USART6_UART_Init()	8	static
main.cpp:826:13:void MX_DMA_Init()	16	static
main.cpp:847:13:void MX_GPIO_Init()	48	static
main.cpp:917:6:void Error_Handler()	24	static,ignoring_inline_asm
