main.cpp:93:6:void HAL_UART_RxCpltCallback(UART_HandleTypeDef*)	24	static
main.cpp:111:5:int main()	8	static
main.cpp:180:6:void SystemClock_Config()	88	static
main.cpp:226:13:void MX_I2C1_Init()	8	static
main.cpp:260:13:void MX_I2C3_Init()	8	static
main.cpp:294:13:void MX_TIM2_Init()	56	static
main.cpp:343:13:void MX_TIM3_Init()	56	static
main.cpp:392:13:void MX_TIM4_Init()	56	static
main.cpp:441:13:void MX_TIM5_Init()	56	static
main.cpp:490:13:void MX_TIM6_Init()	16	static
main.cpp:528:13:void MX_UART4_Init()	8	static
main.cpp:561:13:void MX_UART5_Init()	8	static
main.cpp:594:13:void MX_USART1_UART_Init()	8	static
main.cpp:627:13:void MX_USART2_UART_Init()	8	static
main.cpp:660:13:void MX_USART3_UART_Init()	8	static
main.cpp:693:13:void MX_USART6_UART_Init()	8	static
main.cpp:724:13:void MX_DMA_Init()	16	static
main.cpp:745:13:void MX_GPIO_Init()	48	static
main.cpp:811:6:void Error_Handler()	4	static,ignoring_inline_asm
