main.cpp:107:6:void HAL_UART_RxCpltCallback(UART_HandleTypeDef*)	32	static
main.cpp:138:6:void HAL_GPIO_EXTI_Callback(uint16_t)	24	static
main.cpp:146:6:void HAL_TIM_PeriodElapsedCallback(TIM_HandleTypeDef*)	16	static
main.cpp:182:5:int main()	24	static
main.cpp:247:6:void SystemClock_Config()	88	static
main.cpp:293:13:void MX_ADC1_Init()	24	static
main.cpp:343:13:void MX_ADC2_Init()	24	static
main.cpp:393:13:void MX_I2C1_Init()	8	static
main.cpp:427:13:void MX_I2C3_Init()	8	static
main.cpp:461:13:void MX_SPI1_Init()	8	static
main.cpp:498:13:void MX_TIM2_Init()	56	static
main.cpp:547:13:void MX_TIM3_Init()	56	static
main.cpp:596:13:void MX_TIM4_Init()	56	static
main.cpp:645:13:void MX_TIM5_Init()	56	static
main.cpp:694:13:void MX_TIM6_Init()	16	static
main.cpp:732:13:void MX_TIM7_Init()	16	static
main.cpp:770:13:void MX_UART4_Init()	8	static
main.cpp:803:13:void MX_UART5_Init()	8	static
main.cpp:836:13:void MX_USART1_UART_Init()	8	static
main.cpp:869:13:void MX_USART2_UART_Init()	8	static
main.cpp:902:13:void MX_USART3_UART_Init()	8	static
main.cpp:935:13:void MX_USART6_UART_Init()	8	static
main.cpp:968:13:void MX_GPIO_Init()	48	static
main.cpp:1037:6:void Error_Handler()	24	static,ignoring_inline_asm
