Self_Pos.cpp:46:5:int Self_Pos::get_Self_Pos_X()	16	static
Self_Pos.cpp:51:5:int Self_Pos::get_Self_Pos_Y()	16	static
Self_Pos.cpp:56:6:void Self_Pos::add_Self_Pos(int, int)	24	static
Self_Pos.cpp:63:6:void Self_Pos::set_initial_pos(E_robot_name)	16	static
Self_Pos.cpp:97:6:void Self_Pos::update_self_pos()	48	static
Self_Pos.cpp:111:6:void Self_Pos::update_self_pos_ToF()	24	static
Self_Pos.cpp:119:5:int Self_Pos::encoder_read_5()	32	static
Self_Pos.cpp:142:5:int Self_Pos::encoder_read_2()	32	static
Self_Pos.cpp:166:5:int Self_Pos::calc_diff(int, int, int, int)	48	static
Self_Pos.cpp:176:5:int Self_Pos::Self_Pos_config_Limit()	88	static
Self_Pos.cpp:291:6:void Self_Pos::Self_Pos_correction(int)	96	static
Self_Pos.cpp:340:6:void Self_Pos::Spin(int, bool)	128	static
cmath:415:5:constexpr typename __gnu_cxx::__promote_2<_Tp, _Up>::__type std::pow(_Tp, _Up) [with _Tp = int; _Up = int]	24	static
cmath:494:5:constexpr typename __gnu_cxx::__enable_if<std::__is_integer<_Tp>::__value, double>::__type std::tan(_Tp) [with _Tp = int]	16	static
cmath:253:5:constexpr typename __gnu_cxx::__enable_if<std::__is_integer<_Tp>::__value, double>::__type std::fabs(_Tp) [with _Tp = int]	24	static
