stm32f4xx_it.cpp:71:6:void NMI_Handler()	4	static
stm32f4xx_it.cpp:86:6:void HardFault_Handler()	4	static
stm32f4xx_it.cpp:101:6:void MemManage_Handler()	4	static
stm32f4xx_it.cpp:116:6:void BusFault_Handler()	4	static
stm32f4xx_it.cpp:131:6:void UsageFault_Handler()	4	static
stm32f4xx_it.cpp:146:6:void SVC_Handler()	4	static
stm32f4xx_it.cpp:159:6:void DebugMon_Handler()	4	static
stm32f4xx_it.cpp:172:6:void PendSV_Handler()	4	static
stm32f4xx_it.cpp:185:6:void SysTick_Handler()	8	static
stm32f4xx_it.cpp:206:6:void USART2_IRQHandler()	8	static
stm32f4xx_it.cpp:220:6:void TIM6_DAC_IRQHandler()	8	static
