stm32f4xx_it.cpp:78:6:void NMI_Handler()	4	static
stm32f4xx_it.cpp:93:6:void HardFault_Handler()	4	static
stm32f4xx_it.cpp:108:6:void MemManage_Handler()	4	static
stm32f4xx_it.cpp:123:6:void BusFault_Handler()	4	static
stm32f4xx_it.cpp:138:6:void UsageFault_Handler()	4	static
stm32f4xx_it.cpp:153:6:void SVC_Handler()	4	static
stm32f4xx_it.cpp:166:6:void DebugMon_Handler()	4	static
stm32f4xx_it.cpp:179:6:void PendSV_Handler()	4	static
stm32f4xx_it.cpp:192:6:void SysTick_Handler()	8	static
stm32f4xx_it.cpp:213:6:void EXTI0_IRQHandler()	8	static
stm32f4xx_it.cpp:227:6:void EXTI1_IRQHandler()	8	static
stm32f4xx_it.cpp:241:6:void EXTI2_IRQHandler()	8	static
stm32f4xx_it.cpp:255:6:void EXTI3_IRQHandler()	8	static
stm32f4xx_it.cpp:269:6:void EXTI4_IRQHandler()	8	static
stm32f4xx_it.cpp:283:6:void DMA1_Stream0_IRQHandler()	8	static
stm32f4xx_it.cpp:297:6:void DMA1_Stream6_IRQHandler()	8	static
stm32f4xx_it.cpp:311:6:void EXTI9_5_IRQHandler()	8	static
stm32f4xx_it.cpp:325:6:void USART2_IRQHandler()	8	static
stm32f4xx_it.cpp:339:6:void EXTI15_10_IRQHandler()	8	static
stm32f4xx_it.cpp:357:6:void UART4_IRQHandler()	8	static
stm32f4xx_it.cpp:371:6:void TIM6_DAC_IRQHandler()	8	static
stm32f4xx_it.cpp:382:1:void __static_initialization_and_destruction_0(int, int)	16	static
stm32f4xx_it.cpp:382:1:cpp)	8	static
