Jump.hpp:25:7:constexpr Jump::Jump()	16	static
stm32f4xx_it.cpp:86:6:void NMI_Handler()	4	static
stm32f4xx_it.cpp:101:6:void HardFault_Handler()	4	static
stm32f4xx_it.cpp:116:6:void MemManage_Handler()	4	static
stm32f4xx_it.cpp:131:6:void BusFault_Handler()	4	static
stm32f4xx_it.cpp:146:6:void UsageFault_Handler()	4	static
stm32f4xx_it.cpp:161:6:void SVC_Handler()	4	static
stm32f4xx_it.cpp:174:6:void DebugMon_Handler()	4	static
stm32f4xx_it.cpp:187:6:void PendSV_Handler()	4	static
stm32f4xx_it.cpp:200:6:void SysTick_Handler()	8	static
stm32f4xx_it.cpp:221:6:void EXTI0_IRQHandler()	8	static
stm32f4xx_it.cpp:235:6:void EXTI4_IRQHandler()	8	static
stm32f4xx_it.cpp:249:6:void DMA1_Stream0_IRQHandler()	8	static
stm32f4xx_it.cpp:263:6:void DMA1_Stream6_IRQHandler()	8	static
stm32f4xx_it.cpp:277:6:void USART1_IRQHandler()	8	static
stm32f4xx_it.cpp:291:6:void EXTI15_10_IRQHandler()	8	static
stm32f4xx_it.cpp:306:6:void UART4_IRQHandler()	8	static
stm32f4xx_it.cpp:320:6:void TIM6_DAC_IRQHandler()	8	static
stm32f4xx_it.cpp:339:6:void TIM7_IRQHandler()	8	static
stm32f4xx_it.cpp:348:1:void __static_initialization_and_destruction_0(int, int)	24	static
stm32f4xx_it.cpp:348:1:cpp)	8	static
