gthr-default.h:229:1:int __gthread_key_delete(__gthread_key_t)	16	static
stm32f4xx_it.cpp:100:6:void NMI_Handler()	4	static
stm32f4xx_it.cpp:115:6:void HardFault_Handler()	4	static
stm32f4xx_it.cpp:130:6:void MemManage_Handler()	4	static
stm32f4xx_it.cpp:145:6:void BusFault_Handler()	4	static
stm32f4xx_it.cpp:160:6:void UsageFault_Handler()	4	static
stm32f4xx_it.cpp:175:6:void SVC_Handler()	4	static
stm32f4xx_it.cpp:188:6:void DebugMon_Handler()	4	static
stm32f4xx_it.cpp:201:6:void PendSV_Handler()	4	static
stm32f4xx_it.cpp:214:6:void SysTick_Handler()	8	static
stm32f4xx_it.cpp:235:6:void EXTI4_IRQHandler()	8	static
stm32f4xx_it.cpp:249:6:void TIM3_IRQHandler()	8	static
stm32f4xx_it.cpp:263:6:void USART1_IRQHandler()	8	static
stm32f4xx_it.cpp:277:6:void USART3_IRQHandler()	8	static
stm32f4xx_it.cpp:291:6:void UART4_IRQHandler()	8	static
stm32f4xx_it.cpp:305:6:void UART5_IRQHandler()	8	static
stm32f4xx_it.cpp:319:6:void TIM6_DAC_IRQHandler()	8	static
stm32f4xx_it.cpp:345:6:void TIM7_IRQHandler()	8	static
stm32f4xx_it.cpp:357:1:void __static_initialization_and_destruction_0(int, int)	24	static
stm32f4xx_it.cpp:357:1:cpp)	8	static
