Jump.hpp:25:7:constexpr Jump::Jump()	16	static
stm32f4xx_it.cpp:90:6:void NMI_Handler()	4	static
stm32f4xx_it.cpp:105:6:void HardFault_Handler()	4	static
stm32f4xx_it.cpp:120:6:void MemManage_Handler()	4	static
stm32f4xx_it.cpp:135:6:void BusFault_Handler()	4	static
stm32f4xx_it.cpp:150:6:void UsageFault_Handler()	4	static
stm32f4xx_it.cpp:165:6:void SVC_Handler()	4	static
stm32f4xx_it.cpp:178:6:void DebugMon_Handler()	4	static
stm32f4xx_it.cpp:191:6:void PendSV_Handler()	4	static
stm32f4xx_it.cpp:204:6:void SysTick_Handler()	8	static
stm32f4xx_it.cpp:225:6:void EXTI0_IRQHandler()	8	static
stm32f4xx_it.cpp:239:6:void EXTI4_IRQHandler()	8	static
stm32f4xx_it.cpp:253:6:void TIM3_IRQHandler()	8	static
stm32f4xx_it.cpp:267:6:void TIM4_IRQHandler()	8	static
stm32f4xx_it.cpp:281:6:void USART1_IRQHandler()	8	static
stm32f4xx_it.cpp:295:6:void USART3_IRQHandler()	8	static
stm32f4xx_it.cpp:309:6:void EXTI15_10_IRQHandler()	8	static
stm32f4xx_it.cpp:324:6:void UART4_IRQHandler()	8	static
stm32f4xx_it.cpp:338:6:void TIM6_DAC_IRQHandler()	24	static
stm32f4xx_it.cpp:358:6:void TIM7_IRQHandler()	8	static
stm32f4xx_it.cpp:367:1:void __static_initialization_and_destruction_0(int, int)	24	static
stm32f4xx_it.cpp:367:1:cpp)	8	static
