Self_Pos.hpp:45:2:Self_Pos::Self_Pos()	16	static
stm32f4xx_it.cpp:85:6:void NMI_Handler()	4	static
stm32f4xx_it.cpp:100:6:void HardFault_Handler()	4	static
stm32f4xx_it.cpp:115:6:void MemManage_Handler()	4	static
stm32f4xx_it.cpp:130:6:void BusFault_Handler()	4	static
stm32f4xx_it.cpp:145:6:void UsageFault_Handler()	4	static
stm32f4xx_it.cpp:160:6:void SVC_Handler()	4	static
stm32f4xx_it.cpp:173:6:void DebugMon_Handler()	4	static
stm32f4xx_it.cpp:186:6:void PendSV_Handler()	4	static
stm32f4xx_it.cpp:199:6:void SysTick_Handler()	8	static
stm32f4xx_it.cpp:220:6:void EXTI0_IRQHandler()	8	static
stm32f4xx_it.cpp:234:6:void EXTI4_IRQHandler()	8	static
stm32f4xx_it.cpp:248:6:void DMA1_Stream0_IRQHandler()	8	static
stm32f4xx_it.cpp:262:6:void DMA1_Stream6_IRQHandler()	8	static
stm32f4xx_it.cpp:276:6:void USART1_IRQHandler()	8	static
stm32f4xx_it.cpp:290:6:void EXTI15_10_IRQHandler()	8	static
stm32f4xx_it.cpp:305:6:void UART4_IRQHandler()	8	static
stm32f4xx_it.cpp:319:6:void TIM6_DAC_IRQHandler()	8	static
stm32f4xx_it.cpp:333:1:void __static_initialization_and_destruction_0(int, int)	24	static
stm32f4xx_it.cpp:333:1:cpp)	8	static
