Jump.hpp:25:7:constexpr Jump::Jump()	16	static
stm32f4xx_it.cpp:98:6:void NMI_Handler()	4	static
stm32f4xx_it.cpp:113:6:void HardFault_Handler()	4	static
stm32f4xx_it.cpp:128:6:void MemManage_Handler()	4	static
stm32f4xx_it.cpp:143:6:void BusFault_Handler()	4	static
stm32f4xx_it.cpp:158:6:void UsageFault_Handler()	4	static
stm32f4xx_it.cpp:173:6:void SVC_Handler()	4	static
stm32f4xx_it.cpp:186:6:void DebugMon_Handler()	4	static
stm32f4xx_it.cpp:199:6:void PendSV_Handler()	4	static
stm32f4xx_it.cpp:212:6:void SysTick_Handler()	8	static
stm32f4xx_it.cpp:233:6:void EXTI0_IRQHandler()	8	static
stm32f4xx_it.cpp:247:6:void EXTI4_IRQHandler()	8	static
stm32f4xx_it.cpp:261:6:void TIM3_IRQHandler()	8	static
stm32f4xx_it.cpp:275:6:void TIM4_IRQHandler()	8	static
stm32f4xx_it.cpp:289:6:void USART1_IRQHandler()	8	static
stm32f4xx_it.cpp:303:6:void USART3_IRQHandler()	8	static
stm32f4xx_it.cpp:317:6:void EXTI15_10_IRQHandler()	8	static
stm32f4xx_it.cpp:335:6:void UART4_IRQHandler()	8	static
stm32f4xx_it.cpp:349:6:void TIM6_DAC_IRQHandler()	24	static
stm32f4xx_it.cpp:367:6:void TIM7_IRQHandler()	8	static
stm32f4xx_it.cpp:376:1:void __static_initialization_and_destruction_0(int, int)	24	static
stm32f4xx_it.cpp:376:1:cpp)	8	static
