Self_Pos.hpp:45:2:Self_Pos::Self_Pos()	16	static
stm32f4xx_it.cpp:83:6:void NMI_Handler()	4	static
stm32f4xx_it.cpp:98:6:void HardFault_Handler()	4	static
stm32f4xx_it.cpp:113:6:void MemManage_Handler()	4	static
stm32f4xx_it.cpp:128:6:void BusFault_Handler()	4	static
stm32f4xx_it.cpp:143:6:void UsageFault_Handler()	4	static
stm32f4xx_it.cpp:158:6:void SVC_Handler()	4	static
stm32f4xx_it.cpp:171:6:void DebugMon_Handler()	4	static
stm32f4xx_it.cpp:184:6:void PendSV_Handler()	4	static
stm32f4xx_it.cpp:197:6:void SysTick_Handler()	8	static
stm32f4xx_it.cpp:218:6:void EXTI0_IRQHandler()	8	static
stm32f4xx_it.cpp:232:6:void EXTI2_IRQHandler()	8	static
stm32f4xx_it.cpp:246:6:void EXTI3_IRQHandler()	8	static
stm32f4xx_it.cpp:260:6:void EXTI4_IRQHandler()	8	static
stm32f4xx_it.cpp:274:6:void DMA1_Stream0_IRQHandler()	8	static
stm32f4xx_it.cpp:288:6:void DMA1_Stream6_IRQHandler()	8	static
stm32f4xx_it.cpp:302:6:void EXTI9_5_IRQHandler()	8	static
stm32f4xx_it.cpp:317:6:void USART1_IRQHandler()	8	static
stm32f4xx_it.cpp:331:6:void EXTI15_10_IRQHandler()	8	static
stm32f4xx_it.cpp:346:6:void TIM6_DAC_IRQHandler()	8	static
stm32f4xx_it.cpp:361:1:void __static_initialization_and_destruction_0(int, int)	24	static
stm32f4xx_it.cpp:361:1:cpp)	8	static
