Self_Pos.hpp:27:2:Self_Pos::Self_Pos()	16	static
stm32f4xx_it.cpp:72:6:void NMI_Handler()	4	static
stm32f4xx_it.cpp:87:6:void HardFault_Handler()	4	static
stm32f4xx_it.cpp:102:6:void MemManage_Handler()	4	static
stm32f4xx_it.cpp:117:6:void BusFault_Handler()	4	static
stm32f4xx_it.cpp:132:6:void UsageFault_Handler()	4	static
stm32f4xx_it.cpp:147:6:void SVC_Handler()	4	static
stm32f4xx_it.cpp:160:6:void DebugMon_Handler()	4	static
stm32f4xx_it.cpp:173:6:void PendSV_Handler()	4	static
stm32f4xx_it.cpp:186:6:void SysTick_Handler()	8	static
stm32f4xx_it.cpp:207:6:void USART2_IRQHandler()	8	static
stm32f4xx_it.cpp:221:6:void TIM6_DAC_IRQHandler()	8	static
stm32f4xx_it.cpp:230:1:void __static_initialization_and_destruction_0(int, int)	24	static
stm32f4xx_it.cpp:230:1:cpp)	8	static
