stm32f4xx_it.cpp:74:6:void NMI_Handler()	4	static
stm32f4xx_it.cpp:89:6:void HardFault_Handler()	4	static
stm32f4xx_it.cpp:104:6:void MemManage_Handler()	4	static
stm32f4xx_it.cpp:119:6:void BusFault_Handler()	4	static
stm32f4xx_it.cpp:134:6:void UsageFault_Handler()	4	static
stm32f4xx_it.cpp:149:6:void SVC_Handler()	4	static
stm32f4xx_it.cpp:162:6:void DebugMon_Handler()	4	static
stm32f4xx_it.cpp:175:6:void PendSV_Handler()	4	static
stm32f4xx_it.cpp:188:6:void SysTick_Handler()	8	static
stm32f4xx_it.cpp:209:6:void DMA1_Stream0_IRQHandler()	8	static
stm32f4xx_it.cpp:223:6:void DMA1_Stream6_IRQHandler()	8	static
stm32f4xx_it.cpp:237:6:void USART2_IRQHandler()	8	static
stm32f4xx_it.cpp:251:6:void UART4_IRQHandler()	8	static
stm32f4xx_it.cpp:265:6:void TIM6_DAC_IRQHandler()	8	static
