Jump.hpp:25:7:constexpr Jump::Jump()	16	static
stm32f4xx_it.cpp:92:6:void NMI_Handler()	4	static
stm32f4xx_it.cpp:107:6:void HardFault_Handler()	4	static
stm32f4xx_it.cpp:122:6:void MemManage_Handler()	4	static
stm32f4xx_it.cpp:137:6:void BusFault_Handler()	4	static
stm32f4xx_it.cpp:152:6:void UsageFault_Handler()	4	static
stm32f4xx_it.cpp:167:6:void SVC_Handler()	4	static
stm32f4xx_it.cpp:180:6:void DebugMon_Handler()	4	static
stm32f4xx_it.cpp:193:6:void PendSV_Handler()	4	static
stm32f4xx_it.cpp:206:6:void SysTick_Handler()	8	static
stm32f4xx_it.cpp:227:6:void EXTI0_IRQHandler()	8	static
stm32f4xx_it.cpp:241:6:void EXTI4_IRQHandler()	8	static
stm32f4xx_it.cpp:255:6:void TIM3_IRQHandler()	8	static
stm32f4xx_it.cpp:269:6:void TIM4_IRQHandler()	8	static
stm32f4xx_it.cpp:283:6:void USART1_IRQHandler()	8	static
stm32f4xx_it.cpp:297:6:void USART3_IRQHandler()	8	static
stm32f4xx_it.cpp:311:6:void EXTI15_10_IRQHandler()	8	static
stm32f4xx_it.cpp:329:6:void UART4_IRQHandler()	8	static
stm32f4xx_it.cpp:343:6:void TIM6_DAC_IRQHandler()	24	static
stm32f4xx_it.cpp:361:6:void TIM7_IRQHandler()	8	static
stm32f4xx_it.cpp:370:1:void __static_initialization_and_destruction_0(int, int)	24	static
stm32f4xx_it.cpp:370:1:cpp)	8	static
