Jump.hpp:25:7:constexpr Jump::Jump()	16	static
stm32f4xx_it.cpp:97:6:void NMI_Handler()	4	static
stm32f4xx_it.cpp:112:6:void HardFault_Handler()	4	static
stm32f4xx_it.cpp:127:6:void MemManage_Handler()	4	static
stm32f4xx_it.cpp:142:6:void BusFault_Handler()	4	static
stm32f4xx_it.cpp:157:6:void UsageFault_Handler()	4	static
stm32f4xx_it.cpp:172:6:void SVC_Handler()	4	static
stm32f4xx_it.cpp:185:6:void DebugMon_Handler()	4	static
stm32f4xx_it.cpp:198:6:void PendSV_Handler()	4	static
stm32f4xx_it.cpp:211:6:void SysTick_Handler()	8	static
stm32f4xx_it.cpp:232:6:void EXTI0_IRQHandler()	8	static
stm32f4xx_it.cpp:246:6:void EXTI4_IRQHandler()	8	static
stm32f4xx_it.cpp:260:6:void TIM3_IRQHandler()	8	static
stm32f4xx_it.cpp:274:6:void TIM4_IRQHandler()	8	static
stm32f4xx_it.cpp:288:6:void USART1_IRQHandler()	8	static
stm32f4xx_it.cpp:302:6:void USART3_IRQHandler()	8	static
stm32f4xx_it.cpp:316:6:void EXTI15_10_IRQHandler()	8	static
stm32f4xx_it.cpp:334:6:void UART4_IRQHandler()	8	static
stm32f4xx_it.cpp:348:6:void TIM6_DAC_IRQHandler()	24	static
stm32f4xx_it.cpp:368:6:void TIM7_IRQHandler()	8	static
stm32f4xx_it.cpp:378:1:void __static_initialization_and_destruction_0(int, int)	24	static
stm32f4xx_it.cpp:378:1:cpp)	8	static
