stm32f4xx_it.cpp:99:6:void NMI_Handler()	4	static
stm32f4xx_it.cpp:114:6:void HardFault_Handler()	4	static
stm32f4xx_it.cpp:129:6:void MemManage_Handler()	4	static
stm32f4xx_it.cpp:144:6:void BusFault_Handler()	4	static
stm32f4xx_it.cpp:159:6:void UsageFault_Handler()	4	static
stm32f4xx_it.cpp:174:6:void SVC_Handler()	4	static
stm32f4xx_it.cpp:187:6:void DebugMon_Handler()	4	static
stm32f4xx_it.cpp:200:6:void PendSV_Handler()	4	static
stm32f4xx_it.cpp:213:6:void SysTick_Handler()	8	static
stm32f4xx_it.cpp:234:6:void EXTI0_IRQHandler()	8	static
stm32f4xx_it.cpp:248:6:void EXTI4_IRQHandler()	8	static
stm32f4xx_it.cpp:262:6:void TIM3_IRQHandler()	8	static
stm32f4xx_it.cpp:276:6:void TIM4_IRQHandler()	8	static
stm32f4xx_it.cpp:290:6:void USART1_IRQHandler()	8	static
stm32f4xx_it.cpp:304:6:void USART3_IRQHandler()	8	static
stm32f4xx_it.cpp:318:6:void EXTI15_10_IRQHandler()	8	static
stm32f4xx_it.cpp:333:6:void UART4_IRQHandler()	8	static
stm32f4xx_it.cpp:347:6:void TIM6_DAC_IRQHandler()	8	static
stm32f4xx_it.cpp:372:6:void TIM7_IRQHandler()	8	static
stm32f4xx_it.cpp:382:1:void __static_initialization_and_destruction_0(int, int)	24	static
stm32f4xx_it.cpp:382:1:cpp)	8	static
