stm32f4xx_it.cpp:76:6:void NMI_Handler()	4	static
stm32f4xx_it.cpp:91:6:void HardFault_Handler()	4	static
stm32f4xx_it.cpp:106:6:void MemManage_Handler()	4	static
stm32f4xx_it.cpp:121:6:void BusFault_Handler()	4	static
stm32f4xx_it.cpp:136:6:void UsageFault_Handler()	4	static
stm32f4xx_it.cpp:151:6:void SVC_Handler()	4	static
stm32f4xx_it.cpp:164:6:void DebugMon_Handler()	4	static
stm32f4xx_it.cpp:177:6:void PendSV_Handler()	4	static
stm32f4xx_it.cpp:190:6:void SysTick_Handler()	8	static
stm32f4xx_it.cpp:211:6:void DMA1_Stream0_IRQHandler()	8	static
stm32f4xx_it.cpp:225:6:void DMA1_Stream6_IRQHandler()	8	static
stm32f4xx_it.cpp:239:6:void USART2_IRQHandler()	8	static
stm32f4xx_it.cpp:253:6:void UART4_IRQHandler()	8	static
stm32f4xx_it.cpp:267:6:void TIM6_DAC_IRQHandler()	8	static
stm32f4xx_it.cpp:276:1:void __static_initialization_and_destruction_0(int, int)	16	static
stm32f4xx_it.cpp:276:1:cpp)	8	static
