main.cpp:96:6:void HAL_UART_RxCpltCallback(UART_HandleTypeDef*)	16	static
main.cpp:102:6:void HAL_GPIO_EXTI_Callback(uint16_t)	24	static
main.cpp:116:5:int main()	16	static
main.cpp:176:6:void SystemClock_Config()	88	static
main.cpp:222:13:void MX_I2C1_Init()	8	static
main.cpp:256:13:void MX_I2C3_Init()	8	static
main.cpp:290:13:void MX_TIM2_Init()	56	static
main.cpp:339:13:void MX_TIM3_Init()	56	static
main.cpp:388:13:void MX_TIM4_Init()	56	static
main.cpp:437:13:void MX_TIM5_Init()	56	static
main.cpp:486:13:void MX_TIM6_Init()	16	static
main.cpp:524:13:void MX_UART5_Init()	8	static
main.cpp:557:13:void MX_USART1_UART_Init()	8	static
main.cpp:590:13:void MX_USART2_UART_Init()	8	static
main.cpp:623:13:void MX_USART3_UART_Init()	8	static
main.cpp:656:13:void MX_USART6_UART_Init()	8	static
main.cpp:687:13:void MX_DMA_Init()	16	static
main.cpp:708:13:void MX_GPIO_Init()	48	static
main.cpp:778:6:void Error_Handler()	24	static,ignoring_inline_asm
