main.cpp:98:6:void HAL_UART_RxCpltCallback(UART_HandleTypeDef*)	24	static
main.cpp:109:6:void HAL_GPIO_EXTI_Callback(uint16_t)	24	static
main.cpp:123:5:int main()	16	static
main.cpp:186:6:void SystemClock_Config()	88	static
main.cpp:232:13:void MX_I2C1_Init()	8	static
main.cpp:266:13:void MX_I2C3_Init()	8	static
main.cpp:300:13:void MX_TIM2_Init()	56	static
main.cpp:349:13:void MX_TIM3_Init()	56	static
main.cpp:398:13:void MX_TIM4_Init()	56	static
main.cpp:447:13:void MX_TIM5_Init()	56	static
main.cpp:496:13:void MX_TIM6_Init()	16	static
main.cpp:534:13:void MX_UART4_Init()	8	static
main.cpp:567:13:void MX_UART5_Init()	8	static
main.cpp:600:13:void MX_USART1_UART_Init()	8	static
main.cpp:633:13:void MX_USART2_UART_Init()	8	static
main.cpp:666:13:void MX_USART3_UART_Init()	8	static
main.cpp:699:13:void MX_USART6_UART_Init()	8	static
main.cpp:730:13:void MX_DMA_Init()	16	static
main.cpp:751:13:void MX_GPIO_Init()	48	static
main.cpp:821:6:void Error_Handler()	24	static,ignoring_inline_asm
