Self_Pos.hpp:45:2:Self_Pos::Self_Pos()	16	static
stm32f4xx_it.cpp:84:6:void NMI_Handler()	4	static
stm32f4xx_it.cpp:99:6:void HardFault_Handler()	4	static
stm32f4xx_it.cpp:114:6:void MemManage_Handler()	4	static
stm32f4xx_it.cpp:129:6:void BusFault_Handler()	4	static
stm32f4xx_it.cpp:144:6:void UsageFault_Handler()	4	static
stm32f4xx_it.cpp:159:6:void SVC_Handler()	4	static
stm32f4xx_it.cpp:172:6:void DebugMon_Handler()	4	static
stm32f4xx_it.cpp:185:6:void PendSV_Handler()	4	static
stm32f4xx_it.cpp:198:6:void SysTick_Handler()	8	static
stm32f4xx_it.cpp:219:6:void EXTI0_IRQHandler()	8	static
stm32f4xx_it.cpp:233:6:void EXTI4_IRQHandler()	8	static
stm32f4xx_it.cpp:247:6:void DMA1_Stream0_IRQHandler()	8	static
stm32f4xx_it.cpp:261:6:void DMA1_Stream6_IRQHandler()	8	static
stm32f4xx_it.cpp:275:6:void USART1_IRQHandler()	8	static
stm32f4xx_it.cpp:289:6:void EXTI15_10_IRQHandler()	8	static
stm32f4xx_it.cpp:304:6:void TIM6_DAC_IRQHandler()	8	static
stm32f4xx_it.cpp:318:1:void __static_initialization_and_destruction_0(int, int)	24	static
stm32f4xx_it.cpp:318:1:cpp)	8	static
